// Jest Snapshot v1, https://goo.gl/fbAQLP

exports[`<PromoBanner /> matches snapshot (Blue) 1`] = `
<View
  style={
    [
      {
        "alignItems": "center",
        "borderRadius": 16,
        "flexDirection": "row",
        "justifyContent": "space-between",
        "marginBottom": 16,
        "paddingHorizontal": 20,
        "paddingVertical": 16,
      },
      {
        "backgroundColor": "#4392F9",
      },
    ]
  }
>
  <View
    style={
      {
        "flex": 1,
      }
    }
  >
    <Text
      style={
        [
          {
            "color": "#FFFFFF",
            "fontSize": 24,
            "fontWeight": "700",
            "marginBottom": 4,
          },
          undefined,
        ]
      }
    >
      Deal of the Day
    </Text>
    <View
      style={
        [
          {
            "alignItems": "center",
            "alignSelf": "flex-start",
            "borderRadius": 6,
            "flexDirection": "row",
          },
          undefined,
        ]
      }
    >
      <View
        accessibilityLabel="mock-icon"
      />
      <Text
        style={
          [
            {
              "color": "#FFFFFF",
              "fontSize": 17,
              "fontWeight": "500",
              "marginLeft": 4,
            },
            undefined,
          ]
        }
      >
        22h 55m 20s remaining
      </Text>
    </View>
  </View>
  <View
    accessibilityState={
      {
        "busy": undefined,
        "checked": undefined,
        "disabled": undefined,
        "expanded": undefined,
        "selected": undefined,
      }
    }
    accessibilityValue={
      {
        "max": undefined,
        "min": undefined,
        "now": undefined,
        "text": undefined,
      }
    }
    accessible={true}
    collapsable={false}
    focusable={true}
    onClick={[Function]}
    onResponderGrant={[Function]}
    onResponderMove={[Function]}
    onResponderRelease={[Function]}
    onResponderTerminate={[Function]}
    onResponderTerminationRequest={[Function]}
    onStartShouldSetResponder={[Function]}
    style={
      {
        "backgroundColor": "rgba(0,0,0,0)",
        "borderColor": "#FFFFFF",
        "borderRadius": 16,
        "borderWidth": 2,
        "opacity": 1,
        "paddingHorizontal": 20,
        "paddingVertical": 8,
      }
    }
  >
    <View
      style={
        {
          "alignItems": "center",
          "flexDirection": "row",
        }
      }
    >
      <Text
        style={
          [
            {
              "color": "#FFFFFF",
              "fontSize": 17,
              "fontWeight": "600",
            },
            undefined,
          ]
        }
      >
        View All
      </Text>
      <View
        accessibilityLabel="arrow-icon"
      />
    </View>
  </View>
</View>
`;
