// Jest Snapshot v1, https://goo.gl/fbAQLP

exports[`StarsRating renders with default maxRating of 5 1`] = `
<View
  accessibilityRole="image"
  style={
    {
      "alignItems": "center",
      "flexDirection": "row",
    }
  }
>
  <Text
    accessibilityRole="text"
    style={
      [
        {
          "fontSize": 20,
          "marginHorizontal": 2,
        },
        {
          "color": "#ffb300",
        },
      ]
    }
  >
    ★
  </Text>
  <Text
    accessibilityRole="text"
    style={
      [
        {
          "fontSize": 20,
          "marginHorizontal": 2,
        },
        {
          "color": "#ffb300",
        },
      ]
    }
  >
    ★
  </Text>
  <Text
    accessibilityRole="text"
    style={
      [
        {
          "fontSize": 20,
          "marginHorizontal": 2,
        },
        {
          "color": "#ffb300",
        },
      ]
    }
  >
    ★
  </Text>
  <Text
    accessibilityRole="text"
    style={
      [
        {
          "fontSize": 20,
          "marginHorizontal": 2,
        },
        {
          "color": "#C7C7C7",
        },
      ]
    }
  >
    ☆
  </Text>
  <Text
    accessibilityRole="text"
    style={
      [
        {
          "fontSize": 20,
          "marginHorizontal": 2,
        },
        {
          "color": "#C7C7C7",
        },
      ]
    }
  >
    ☆
  </Text>
</View>
`;
