// Jest Snapshot v1, https://goo.gl/fbAQLP

exports[`DeliveryInfo Snapshots matches snapshot for default delivery time 1`] = `
<View
  style={
    {
      "backgroundColor": "#FFCCD5",
      "borderRadius": 8,
      "marginHorizontal": 16,
      "marginVertical": 8,
      "paddingHorizontal": 16,
      "paddingVertical": 12,
    }
  }
>
  <Text
    style={
      {
        "color": "#000000",
        "fontFamily": "Montserrat-SemiBold",
        "fontSize": 14,
        "marginBottom": 5,
      }
    }
  >
    Delivery in
  </Text>
  <Text
    style={
      {
        "color": "#000000",
        "fontFamily": "Poppins-Regular",
        "fontSize": 20,
        "fontWeight": "800",
      }
    }
  >
    1 within Hour
  </Text>
</View>
`;
